{"ts":"2026-04-29T14:14:18.173Z","phase":"sage-gate-pass","role":"sage","turnRolesCount":0}
{"ts":"2026-04-29T14:14:18.299Z","phase":"sage-gate-reject","role":"sage","turnRoles":["arki","fin"],"reason":"Sage same-session isolation violation: existing roles=[arki,fin]. Open separate session via /sage. (D-128, dispatch_config.sage.session_isolation=exclusive)"}
{"ts":"2026-04-29T14:14:18.425Z","phase":"sage-gate-reject","role":"arki","lastTurnRole":"sage","reason":"Cannot dispatch role='arki' after Sage turn. Sage requires session isolation. (D-128)"}
{"ts":"2026-04-29T14:14:18.549Z","phase":"sage-gate-pass","role":"sage","turnRolesCount":1}
{"ts":"2026-04-29T14:17:00.096Z","phase":"sage-gate-pass","role":"edi","turnRolesCount":6}
{"ts":"2026-04-29T22:56:02.110Z","phase":"sage-gate-pass","role":"ace","turnRolesCount":0}
{"ts":"2026-04-29T23:26:54.101Z","phase":"sage-gate-pass","role":"fin","turnRolesCount":0}
{"ts":"2026-04-29T23:31:00.496Z","phase":"sage-gate-pass","role":"arki","turnRolesCount":1}
{"ts":"2026-04-29T23:32:56.752Z","phase":"sage-gate-pass","role":"riki","turnRolesCount":2}
{"ts":"2026-04-29T23:39:29.315Z","phase":"sage-gate-pass","role":"dev","turnRolesCount":3}
{"ts":"2026-04-29T23:43:47.683Z","phase":"sage-gate-pass","role":"edi","turnRolesCount":4}
{"ts":"2026-04-30T02:41:29.733Z","phase":"sage-gate-pass","role":"riki","turnRolesCount":0}
{"ts":"2026-04-30T05:14:52.391Z","phase":"sage-gate-pass","role":"riki","turnRolesCount":0}
{"ts":"2026-04-30T06:11:19.678Z","phase":"sage-gate-pass","role":"edi","turnRolesCount":0}
{"ts":"2026-04-30T07:49:35.537Z","phase":"sage-gate-pass","role":"edi","turnRolesCount":0}
{"ts":"2026-04-30T10:25:29.673Z","phase":"sage-gate-pass","role":"ace","turnRolesCount":0}
{"ts":"2026-04-30T10:46:58.094Z","phase":"sage-gate-pass","role":"ace","turnRolesCount":1}
{"ts":"2026-04-30T11:21:25.507Z","phase":"sage-gate-pass","role":"edi","turnRolesCount":2}
{"ts":"2026-04-30T12:47:27.095Z","phase":"sage-gate-pass","role":"riki","turnRolesCount":0}
{"ts":"2026-04-30T13:04:49.059Z","phase":"sage-gate-pass","role":"riki","turnRolesCount":1}
{"ts":"2026-04-30T13:16:48.040Z","phase":"sage-gate-pass","role":"unknown","turnRolesCount":2}
{"ts":"2026-04-30T13:42:57.448Z","phase":"sage-gate-pass","role":"riki","turnRolesCount":2}
{"ts":"2026-04-30T14:04:36.180Z","phase":"sage-gate-pass","role":"edi","turnRolesCount":3}
{"ts":"2026-04-30T15:16:59.278Z","phase":"sage-gate-pass","role":"arki","turnRolesCount":0}
{"ts":"2026-04-30T15:20:10.219Z","phase":"sage-gate-pass","role":"riki","turnRolesCount":1}
{"ts":"2026-04-30T15:24:09.656Z","phase":"sage-gate-pass","role":"unknown","turnRolesCount":2}
{"ts":"2026-04-30T15:30:08.869Z","phase":"sage-gate-pass","role":"dev","turnRolesCount":3}
{"ts":"2026-04-30T15:33:30.779Z","phase":"sage-gate-pass","role":"edi","turnRolesCount":4}
{"ts":"2026-04-30T15:48:52.286Z","phase":"sage-gate-pass","role":"jobs","turnRolesCount":0}
{"ts":"2026-04-30T22:19:14.893Z","phase":"sage-gate-pass","role":"arki","turnRolesCount":1}
{"ts":"2026-04-30T22:27:37.830Z","phase":"sage-gate-pass","role":"riki","turnRolesCount":3}
{"ts":"2026-04-30T22:38:50.925Z","phase":"sage-gate-pass","role":"riki","turnRolesCount":5}
{"ts":"2026-04-30T22:50:47.331Z","phase":"sage-gate-pass","role":"jobs","turnRolesCount":7}
{"ts":"2026-04-30T22:59:40.478Z","phase":"sage-gate-pass","role":"ace","turnRolesCount":9}
{"ts":"2026-04-30T23:04:00.882Z","phase":"sage-gate-pass","role":"riki","turnRolesCount":11}
{"ts":"2026-04-30T23:10:17.564Z","phase":"sage-gate-pass","role":"dev","turnRolesCount":13}
{"ts":"2026-04-30T23:16:36.742Z","phase":"sage-gate-pass","role":"arki","turnRolesCount":15}
{"ts":"2026-04-30T23:16:52.994Z","phase":"sage-gate-pass","role":"zero","turnRolesCount":15}
{"ts":"2026-04-30T23:24:29.189Z","phase":"sage-gate-pass","role":"jobs","turnRolesCount":19}
{"ts":"2026-04-30T23:32:51.050Z","phase":"sage-gate-pass","role":"dev","turnRolesCount":21}
{"ts":"2026-04-30T23:46:37.108Z","phase":"sage-gate-pass","role":"edi","turnRolesCount":23}
{"ts":"2026-04-30T23:55:48.752Z","phase":"sage-gate-pass","role":"ace","turnRolesCount":0}
{"ts":"2026-05-01T00:51:20.202Z","phase":"sage-gate-pass","role":"unknown","turnRolesCount":1}
{"ts":"2026-05-01T00:58:07.627Z","phase":"sage-gate-pass","role":"edi","turnRolesCount":1}
{"ts":"2026-05-01T07:36:50.181Z","phase":"sage-gate-pass","role":"ace","turnRolesCount":0}
{"ts":"2026-05-01T07:41:01.124Z","phase":"sage-gate-pass","role":"arki","turnRolesCount":1}
{"ts":"2026-05-01T07:43:25.386Z","phase":"sage-gate-pass","role":"riki","turnRolesCount":2}
{"ts":"2026-05-01T07:45:12.523Z","phase":"sage-gate-pass","role":"dev","turnRolesCount":3}
{"ts":"2026-05-01T07:49:44.565Z","phase":"sage-gate-pass","role":"edi","turnRolesCount":4}
{"ts":"2026-05-01T08:43:47.263Z","phase":"sage-gate-pass","role":"riki","turnRolesCount":0}
{"ts":"2026-05-01T08:49:31.591Z","phase":"sage-gate-pass","role":"jobs","turnRolesCount":1}
{"ts":"2026-05-01T08:59:30.916Z","phase":"sage-gate-pass","role":"jobs","turnRolesCount":2}
{"ts":"2026-05-01T09:06:17.966Z","phase":"sage-gate-pass","role":"ace","turnRolesCount":3}
{"ts":"2026-05-01T09:25:41.246Z","phase":"sage-gate-pass","role":"dev","turnRolesCount":4}
{"ts":"2026-05-01T09:28:56.753Z","phase":"sage-gate-pass","role":"edi","turnRolesCount":5}
{"ts":"2026-05-01T13:31:29.594Z","phase":"sage-gate-pass","role":"ace","turnRolesCount":0}
{"ts":"2026-05-01T13:35:17.073Z","phase":"sage-gate-pass","role":"arki","turnRolesCount":1}
{"ts":"2026-05-01T13:37:50.637Z","phase":"sage-gate-pass","role":"riki","turnRolesCount":2}
{"ts":"2026-05-01T13:45:25.643Z","phase":"sage-gate-pass","role":"ace","turnRolesCount":3}
{"ts":"2026-05-01T13:48:04.303Z","phase":"sage-gate-pass","role":"dev","turnRolesCount":4}
{"ts":"2026-05-01T13:49:53.291Z","phase":"sage-gate-pass","role":"edi","turnRolesCount":5}
{"ts":"2026-05-01T13:57:10.713Z","phase":"sage-gate-pass","role":"ace","turnRolesCount":0}
{"ts":"2026-05-01T14:01:22.463Z","phase":"sage-gate-pass","role":"dev","turnRolesCount":2}
{"ts":"2026-05-01T14:04:07.294Z","phase":"sage-gate-pass","role":"edi","turnRolesCount":4}
{"ts":"2026-05-01T14:26:36.064Z","phase":"sage-gate-pass","role":"unknown","turnRolesCount":0}
{"ts":"2026-05-01T14:52:15.133Z","phase":"sage-gate-pass","role":"jobs","turnRolesCount":0}
{"ts":"2026-05-01T14:55:43.682Z","phase":"sage-gate-pass","role":"arki","turnRolesCount":1}
{"ts":"2026-05-01T15:00:08.790Z","phase":"sage-gate-pass","role":"riki","turnRolesCount":2}
{"ts":"2026-05-01T15:03:42.045Z","phase":"sage-gate-pass","role":"dev","turnRolesCount":3}
{"ts":"2026-05-01T15:07:24.153Z","phase":"sage-gate-pass","role":"edi","turnRolesCount":4}
{"ts":"2026-05-01T15:47:45.873Z","phase":"sage-gate-pass","role":"ace","turnRolesCount":0}
{"ts":"2026-05-01T16:40:56.806Z","phase":"sage-gate-pass","role":"arki","turnRolesCount":1}
{"ts":"2026-05-01T16:47:50.823Z","phase":"sage-gate-pass","role":"riki","turnRolesCount":2}
{"ts":"2026-05-01T16:48:20.649Z","phase":"sage-gate-pass","role":"dev","turnRolesCount":2}
{"ts":"2026-05-02T02:30:40.811Z","phase":"sage-gate-pass","role":"ace","turnRolesCount":4}
{"ts":"2026-05-02T03:07:02.730Z","phase":"sage-gate-pass","role":"edi","turnRolesCount":5}
